[x.com/en/tos.html]
[backblue.gif]
[fade.gif]
[index.html]
[cdn.cms-twdigitalassets.com/content/dam/legal-twitter/sharing-card.png.twimg.768.png]
[cdn.cms-twdigitalassets.com/etc/designs/boilerplate-twitter/public/css/core.css.twhash.a.f.ad34c37de9518cc012edc53c88d262dd.css]
[cdn.cms-twdigitalassets.com/etc/designs/boilerplate-twitter/public/css/legacy-colors.css.twhash.a.f.20fd26d638816cbce52d44904fc9c3c2.css]
[cdn.cms-twdigitalassets.com/etc/designs/boilerplate-twitter/public/css/project.css.twhash.a.f.c343accb4f424aafdde4bcf2a2ab91f1.css]
[cdn.cms-twdigitalassets.com/etc/designs/boilerplate-twitter/public/css/print.css.twhash.a.f.67de1c964d9398cbf614aab841910ad6.css]
[cdn.cms-twdigitalassets.com/etc/designs/boilerplate-twitter/public/css/languages.css.twhash.a.f.ad7062672948db2fe784ee48cbba355a.css]
[platform.twitter.com/widgets.js]
[cdn.cms-twdigitalassets.com/etc/designs/boilerplate-twitter/public/js/core.js.twhash.a.f.40db42bdb168e1164ca7b468d2a908d6.js]
[cdn.cms-twdigitalassets.com/etc/designs/boilerplate-twitter/public/js/project.js.twhash.a.f.0afd7e2163bf71af7abf4bef1d751255.js]
[cdn.cms-twdigitalassets.com/etc/designs/boilerplate-twitter/public/js/languages.js.twhash.a.f.fb1c01199f340f8fde1ec50a6818b688.js]
[cdn.cms-twdigitalassets.com/etc/designs/common-twitter/clientlib-u12-data-protection-notice.min.twhash.a.cl.8d93205985d36dea4268f79e373e2b02.css]
[cdn.cms-twdigitalassets.com/etc/designs/common-twitter/clientlib-u12-data-protection-notice.min.twhash.a.cl.4ed474ec5d13d9668be9a238eae13723.js]
[cdn.cms-twdigitalassets.com/etc/designs/boilerplate-twitter/clientlibs-refsource.min.twhash.a.cl.7130200325ea3a5900605ca508f725b9.js]
[x.com/en/tos.html]
[cdn.cms-twdigitalassets.com/etc/designs/boilerplate-twitter/public/css/core.css.twhash.a.f.ad34c37de9518cc012edc53c88d262dd.css]
[cdn.cms-twdigitalassets.com/etc/designs/boilerplate-twitter/public/css/legacy-colors.css.twhash.a.f.20fd26d638816cbce52d44904fc9c3c2.css]
[cdn.cms-twdigitalassets.com/etc/designs/boilerplate-twitter/public/css/project.css.twhash.a.f.c343accb4f424aafdde4bcf2a2ab91f1.css]
[cdn.cms-twdigitalassets.com/etc/designs/boilerplate-twitter/public/css/print.css.twhash.a.f.67de1c964d9398cbf614aab841910ad6.css]
[cdn.cms-twdigitalassets.com/etc/designs/boilerplate-twitter/public/css/languages.css.twhash.a.f.ad7062672948db2fe784ee48cbba355a.css]
[cdn.cms-twdigitalassets.com/etc/designs/common-twitter/clientlib-u12-data-protection-notice.min.twhash.a.cl.8d93205985d36dea4268f79e373e2b02.css]
